2025-07-25 21:30:21,572 - Layout parse failure
Traceback (most recent call last):
  File "/Users/brijeshkumaryadav/Documents/GitHub/home-layout-ai/app.py", line 67, in clean_and_parse_layout
    parsed = json.loads(json_text)
             ^^^^^^^^^^^^^^^^^^^^^
  File "/opt/anaconda3/lib/python3.12/json/__init__.py", line 346, in loads
    return _default_decoder.decode(s)
           ^^^^^^^^^^^^^^^^^^^^^^^^^^
  File "/opt/anaconda3/lib/python3.12/json/decoder.py", line 337, in decode
    obj, end = self.raw_decode(s, idx=_w(s, 0).end())
               ^^^^^^^^^^^^^^^^^^^^^^^^^^^^^^^^^^^^^^
  File "/opt/anaconda3/lib/python3.12/json/decoder.py", line 353, in raw_decode
    obj, end = self.scan_once(s, idx)
               ^^^^^^^^^^^^^^^^^^^^^^
json.decoder.JSONDecodeError: Expecting ',' delimiter: line 5 column 23 (char 241)
2025-07-25 21:35:39,080 - Layout parse failure
Traceback (most recent call last):
  File "/Users/brijeshkumaryadav/Documents/GitHub/home-layout-ai/app.py", line 74, in clean_and_parse_layout
    parsed = json.loads(json_text)
             ^^^^^^^^^^^^^^^^^^^^^
  File "/opt/anaconda3/lib/python3.12/json/__init__.py", line 346, in loads
    return _default_decoder.decode(s)
           ^^^^^^^^^^^^^^^^^^^^^^^^^^
  File "/opt/anaconda3/lib/python3.12/json/decoder.py", line 337, in decode
    obj, end = self.raw_decode(s, idx=_w(s, 0).end())
               ^^^^^^^^^^^^^^^^^^^^^^^^^^^^^^^^^^^^^^
  File "/opt/anaconda3/lib/python3.12/json/decoder.py", line 353, in raw_decode
    obj, end = self.scan_once(s, idx)
               ^^^^^^^^^^^^^^^^^^^^^^
json.decoder.JSONDecodeError: Expecting ',' delimiter: line 5 column 23 (char 245)
2025-07-25 21:40:31,184 - Layout parse failure
Traceback (most recent call last):
  File "/Users/brijeshkumaryadav/Documents/GitHub/home-layout-ai/app.py", line 76, in clean_and_parse_layout
    parsed = json.loads(json_text)
             ^^^^^^^^^^^^^^^^^^^^^
  File "/opt/anaconda3/lib/python3.12/json/__init__.py", line 346, in loads
    return _default_decoder.decode(s)
           ^^^^^^^^^^^^^^^^^^^^^^^^^^
  File "/opt/anaconda3/lib/python3.12/json/decoder.py", line 337, in decode
    obj, end = self.raw_decode(s, idx=_w(s, 0).end())
               ^^^^^^^^^^^^^^^^^^^^^^^^^^^^^^^^^^^^^^
  File "/opt/anaconda3/lib/python3.12/json/decoder.py", line 353, in raw_decode
    obj, end = self.scan_once(s, idx)
               ^^^^^^^^^^^^^^^^^^^^^^
json.decoder.JSONDecodeError: Expecting ',' delimiter: line 5 column 22 (char 238)
