❌ No plot found: Design a 1BHK Vastu-compliant home layout for a 30x40 ft plot.

Include:
- Living Room (14x16 ft) in the Northeast
- Kitchen (10x10 ft) in the Southeast
- Master Bedroom (14x16 ft) in the Southwest
- Guest Bedroom (12x12 ft) in the Northwest
- Toilet (6x6 ft) in the North
- Pooja Room (5x6 ft) in the East

Ensure all rooms fit within the plot. Add 2 ft open space around the house.
❌ No plot found: Design a 2BHK Vastu-compliant home layout for a 40x60 ft plot.

Include:
- Living Room (14x16 ft) in the Northeast
- Kitchen (10x10 ft) in the Southeast
- Master Bedroom (14x16 ft) in the Southwest
- Guest Bedroom (12x12 ft) in the Northwest
- Toilet (6x6 ft) in the North
- Pooja Room (5x6 ft) in the East

Ensure all rooms fit within the plot. Add 2 ft open space around the house.
❌ No plot found: Design a 3BHK Vastu-compliant home layout for a 50x60 ft plot.

Include:
- Living Room (14x16 ft) in the Northeast
- Kitchen (10x10 ft) in the Southeast
- Master Bedroom (14x16 ft) in the Southwest
- Guest Bedroom (12x12 ft) in the Northwest
- Toilet (6x6 ft) in the North
- Pooja Room (5x6 ft) in the East

Ensure all rooms fit within the plot. Add 2 ft open space around the house.
❌ Failed JSON parse: Design a 4BHK Vastu-compliant home layout for a 60x90 ft plot.

Include:
- Living Room (14x16 ft) in the Northeast
- Kitchen (10x10 ft) in the Southeast
- Master Bedroom (14x16 ft) in the Southwest
- Guest Bedroom (12x12 ft) in the Northwest
- Toilet (6x6 ft) in the North
- Pooja Room (5x6 ft) in the East

Ensure all rooms fit within the plot. Add 2 ft open space around the house.
